Status: 403 Forbidden
Content-type: text/html; charset=UTF-8

Este script solo puede ejecutarse por línea de comandos.Status: 403 Forbidden
Content-type: text/html; charset=UTF-8

Este script solo puede ejecutarse por línea de comandos.Status: 403 Forbidden
Content-type: text/html; charset=UTF-8

Este script solo puede ejecutarse por línea de comandos.Content-type: text/html; charset=UTF-8

[05:00:03] ==============================================
[05:00:03] INICIO RUN_PROVISIONING
[05:00:03] ==============================================
[05:00:03] Paso 1: Cargando autoload...
[05:00:03] ✔ Autoload OK
[05:00:03] Paso 2: Cargando config.php...
[05:00:03] ✔ config.php OK
[05:00:03] Paso 3: Cargando .env...
[05:00:03] 
[05:00:03] ##############################################
[05:00:03] ERROR GENERAL
[05:00:03] ##############################################
[05:00:03] Mensaje:
[05:00:03] Call to undefined function LosInmortales\EmailProvisioner\str_starts_with()
[05:00:03] Archivo:
[05:00:03] /home/chiledao/public_html/losinmortales.chiledao.cl/modules/EmailProvisioner/Config.php
[05:00:03] Línea:
[05:00:03] 29
[05:00:03] Trace:
[05:00:03] #0 /home/chiledao/public_html/losinmortales.chiledao.cl/run_provisioning.php(96): LosInmortales\EmailProvisioner\Config::load('/home/chiledao/...')
#1 {main}
[05:00:03] ========== SHUTDOWN ==========
[05:00:03] Tipo: 8
[05:00:03] Mensaje: Undefined index: REMOTE_ADDR
[05:00:03] Archivo: /usr/local/bin/env.php
[05:00:03] Línea: 6
Content-type: text/html; charset=UTF-8

[05:05:03] ==============================================
[05:05:03] INICIO RUN_PROVISIONING
[05:05:03] ==============================================
[05:05:03] Paso 1: Cargando autoload...
[05:05:03] ✔ Autoload OK
[05:05:03] Paso 2: Cargando config.php...
[05:05:03] ✔ config.php OK
[05:05:03] Paso 3: Cargando .env...
[05:05:03] ✔ .env OK
[05:05:03] ----------------------------------------------
[05:05:03] CONFIGURACIÓN
[05:05:03] CPANEL_HOST: losinmortales.chiledao.cl
[05:05:03] CPANEL_USER: chiledao
[05:05:03] CPANEL_DOMAIN: chiledao.cl
[05:05:03] WEBMAIL_URL: https://webmail.chiledao.cl
[05:05:03] CPANEL_QUOTA_MB: 250
[05:05:03] CPANEL_TOKEN cargado: NO
[05:05:03] SMTP_HOST cargado: NO
[05:05:03] SMTP_USER cargado: NO
[05:05:03] SMTP_PASSWORD cargado: NO
[05:05:03] ----------------------------------------------
[05:05:03] Paso 4: Creando Logger...
[05:05:03] ✔ Logger OK
[05:05:03] Paso 5: Creando Repository...
[05:05:03] ✔ Repository OK
[05:05:03] Paso 6: Creando CPanelClient...
[05:05:03] ✔ CPanelClient OK
[05:05:03] Paso 7: Creando MailSender...
[05:05:03] ✔ MailSender OK
[05:05:03] Paso 8: Construyendo EmailProvisioner...
[05:05:03] 
[05:05:03] ##############################################
[05:05:03] ERROR GENERAL
[05:05:03] ##############################################
[05:05:03] Mensaje:
[05:05:03] syntax error, unexpected 'private' (T_PRIVATE), expecting variable (T_VARIABLE)
[05:05:03] Archivo:
[05:05:03] /home/chiledao/public_html/losinmortales.chiledao.cl/modules/EmailProvisioner/EmailProvisioner.php
[05:05:03] Línea:
[05:05:03] 13
[05:05:03] Trace:
[05:05:03] #0 [internal function]: {closure}('LosInmortales\\E...')
#1 /home/chiledao/public_html/losinmortales.chiledao.cl/run_provisioning.php(133): spl_autoload_call('LosInmortales\\E...')
#2 {main}
[05:05:03] ========== SHUTDOWN ==========
[05:05:03] Tipo: 8
[05:05:03] Mensaje: Undefined index: REMOTE_ADDR
[05:05:03] Archivo: /usr/local/bin/env.php
[05:05:03] Línea: 6
Content-type: text/html; charset=UTF-8

[05:10:03] ==============================================
[05:10:03] INICIO RUN_PROVISIONING
[05:10:03] ==============================================
[05:10:03] Paso 1: Cargando autoload...
[05:10:03] ✔ Autoload OK
[05:10:03] Paso 2: Cargando config.php...
[05:10:03] ✔ config.php OK
[05:10:03] Paso 3: Cargando .env...
[05:10:03] ✔ .env OK
[05:10:03] ----------------------------------------------
[05:10:03] CONFIGURACIÓN
[05:10:03] CPANEL_HOST: losinmortales.chiledao.cl
[05:10:03] CPANEL_USER: chiledao
[05:10:03] CPANEL_DOMAIN: chiledao.cl
[05:10:03] WEBMAIL_URL: https://webmail.chiledao.cl
[05:10:03] CPANEL_QUOTA_MB: 250
[05:10:03] CPANEL_TOKEN cargado: NO
[05:10:03] SMTP_HOST cargado: NO
[05:10:03] SMTP_USER cargado: NO
[05:10:03] SMTP_PASSWORD cargado: NO
[05:10:03] ----------------------------------------------
[05:10:03] Paso 4: Creando Logger...
[05:10:03] ✔ Logger OK
[05:10:03] Paso 5: Creando Repository...
[05:10:03] ✔ Repository OK
[05:10:03] Paso 6: Creando CPanelClient...
[05:10:03] ✔ CPanelClient OK
[05:10:03] Paso 7: Creando MailSender...
[05:10:03] ✔ MailSender OK
[05:10:03] Paso 8: Construyendo EmailProvisioner...
[05:10:03] ✔ EmailProvisioner OK
[05:10:03] ----------------------------------------------
[05:10:03] Paso 9: Buscando expedientes pendientes...
[05:10:03] Cantidad encontrada: 2
[05:10:03] 
[05:10:03] ==============================================
[05:10:03] SOLICITUD #1
[05:10:03] ==============================================
[05:10:03] guid = 'a561cad1-5a3d-4bc1-aace-b53ca523846a'
[05:10:03] email = 'alphadocere@gmail.com'
[05:10:03] timestamp = '2026-08-04 02:03:25'
[05:10:03] status = 'en_gestion'
[05:10:03] ip = '186.104.182.76'
[05:10:03] expires_at = '2026-11-02 02:05:44'
[05:10:03] Ejecutando procesar()...
[05:10:09] procesar() retornó: true
[05:10:09] Fin solicitud #1
[05:10:09] 
[05:10:09] ==============================================
[05:10:09] SOLICITUD #2
[05:10:09] ==============================================
[05:10:09] guid = 'da07c058-7918-469a-806a-c29b9b440d5d'
[05:10:09] email = 'dev.manosya@gmail.com'
[05:10:09] timestamp = '2026-08-04 03:58:44'
[05:10:09] status = 'en_gestion'
[05:10:09] ip = '186.104.182.76'
[05:10:09] expires_at = '2026-11-02 04:00:20'
[05:10:09] Ejecutando procesar()...
[05:10:15] procesar() retornó: true
[05:10:15] Fin solicitud #2
[05:10:15] 
[05:10:15] ==============================================
[05:10:15] RESUMEN
[05:10:15] ==============================================
[05:10:15] Pendientes: 2
[05:10:15] Exitosos : 2
[05:10:15] Fallidos : 0
[05:10:15] FIN CORRECTO
[05:10:15] ========== SHUTDOWN ==========
[05:10:15] Tipo: 8
[05:10:15] Mensaje: Undefined index: REMOTE_ADDR
[05:10:15] Archivo: /usr/local/bin/env.php
[05:10:15] Línea: 6
Status: 403 Forbidden
Content-type: text/html; charset=UTF-8

Este script solo puede ejecutarse por línea de comandos.Status: 403 Forbidden
Content-type: text/html; charset=UTF-8

Este script solo puede ejecutarse por línea de comandos.Status: 403 Forbidden
Content-type: text/html; charset=UTF-8

Este script solo puede ejecutarse por línea de comandos.Status: 403 Forbidden
Content-type: text/html; charset=UTF-8

Este script solo puede ejecutarse por línea de comandos.Status: 403 Forbidden
Content-type: text/html; charset=UTF-8

Este script solo puede ejecutarse por línea de comandos.Status: 403 Forbidden
Content-type: text/html; charset=UTF-8

Este script solo puede ejecutarse por línea de comandos.Status: 403 Forbidden
Content-type: text/html; charset=UTF-8

Este script solo puede ejecutarse por línea de comandos.Status: 403 Forbidden
Content-type: text/html; charset=UTF-8

Este script solo puede ejecutarse por línea de comandos.Status: 403 Forbidden
Content-type: text/html; charset=UTF-8

Este script solo puede ejecutarse por línea de comandos.Status: 403 Forbidden
Content-type: text/html; charset=UTF-8

Este script solo puede ejecutarse por línea de comandos.Status: 403 Forbidden
Content-type: text/html; charset=UTF-8

Este script solo puede ejecutarse por línea de comandos.Status: 403 Forbidden
Content-type: text/html; charset=UTF-8

Este script solo puede ejecutarse por línea de comandos.Status: 403 Forbidden
Content-type: text/html; charset=UTF-8

Este script solo puede ejecutarse por línea de comandos.Status: 403 Forbidden
Content-type: text/html; charset=UTF-8

Este script solo puede ejecutarse por línea de comandos.Status: 403 Forbidden
Content-type: text/html; charset=UTF-8

Este script solo puede ejecutarse por línea de comandos.Status: 403 Forbidden
Content-type: text/html; charset=UTF-8

Este script solo puede ejecutarse por línea de comandos.Status: 403 Forbidden
Content-type: text/html; charset=UTF-8

Este script solo puede ejecutarse por línea de comandos.Status: 403 Forbidden
Content-type: text/html; charset=UTF-8

Este script solo puede ejecutarse por línea de comandos.Status: 403 Forbidden
Content-type: text/html; charset=UTF-8

Este script solo puede ejecutarse por línea de comandos.Status: 403 Forbidden
Content-type: text/html; charset=UTF-8

Este script solo puede ejecutarse por línea de comandos.Status: 403 Forbidden
Content-type: text/html; charset=UTF-8

Este script solo puede ejecutarse por línea de comandos.Status: 403 Forbidden
Content-type: text/html; charset=UTF-8

Este script solo puede ejecutarse por línea de comandos.Status: 403 Forbidden
Content-type: text/html; charset=UTF-8

Este script solo puede ejecutarse por línea de comandos.Status: 403 Forbidden
Content-type: text/html; charset=UTF-8

Este script solo puede ejecutarse por línea de comandos.Status: 403 Forbidden
Content-type: text/html; charset=UTF-8

Este script solo puede ejecutarse por línea de comandos.Status: 403 Forbidden
Content-type: text/html; charset=UTF-8

Este script solo puede ejecutarse por línea de comandos.Status: 403 Forbidden
Content-type: text/html; charset=UTF-8

Este script solo puede ejecutarse por línea de comandos.Status: 403 Forbidden
Content-type: text/html; charset=UTF-8

Este script solo puede ejecutarse por línea de comandos.Status: 403 Forbidden
Content-type: text/html; charset=UTF-8

Este script solo puede ejecutarse por línea de comandos.Status: 403 Forbidden
Content-type: text/html; charset=UTF-8

Este script solo puede ejecutarse por línea de comandos.Status: 403 Forbidden
Content-type: text/html; charset=UTF-8

Este script solo puede ejecutarse por línea de comandos.Status: 403 Forbidden
Content-type: text/html; charset=UTF-8

Este script solo puede ejecutarse por línea de comandos.Status: 403 Forbidden
Content-type: text/html; charset=UTF-8

Este script solo puede ejecutarse por línea de comandos.Status: 403 Forbidden
Content-type: text/html; charset=UTF-8

Este script solo puede ejecutarse por línea de comandos.Status: 403 Forbidden
Content-type: text/html; charset=UTF-8

Este script solo puede ejecutarse por línea de comandos.Status: 403 Forbidden
Content-type: text/html; charset=UTF-8

Este script solo puede ejecutarse por línea de comandos.Status: 403 Forbidden
Content-type: text/html; charset=UTF-8

Este script solo puede ejecutarse por línea de comandos.Status: 403 Forbidden
Content-type: text/html; charset=UTF-8

Este script solo puede ejecutarse por línea de comandos.Status: 403 Forbidden
Content-type: text/html; charset=UTF-8

Este script solo puede ejecutarse por línea de comandos.Status: 403 Forbidden
Content-type: text/html; charset=UTF-8

Este script solo puede ejecutarse por línea de comandos.Status: 403 Forbidden
Content-type: text/html; charset=UTF-8

Este script solo puede ejecutarse por línea de comandos.Status: 403 Forbidden
Content-type: text/html; charset=UTF-8

Este script solo puede ejecutarse por línea de comandos.Status: 403 Forbidden
Content-type: text/html; charset=UTF-8

Este script solo puede ejecutarse por línea de comandos.Status: 403 Forbidden
Content-type: text/html; charset=UTF-8

Este script solo puede ejecutarse por línea de comandos.Status: 403 Forbidden
Content-type: text/html; charset=UTF-8

Este script solo puede ejecutarse por línea de comandos.Status: 403 Forbidden
Content-type: text/html; charset=UTF-8

Este script solo puede ejecutarse por línea de comandos.Status: 403 Forbidden
Content-type: text/html; charset=UTF-8

Este script solo puede ejecutarse por línea de comandos.Status: 403 Forbidden
Content-type: text/html; charset=UTF-8

Este script solo puede ejecutarse por línea de comandos.Status: 403 Forbidden
Content-type: text/html; charset=UTF-8

Este script solo puede ejecutarse por línea de comandos.Status: 403 Forbidden
Content-type: text/html; charset=UTF-8

Este script solo puede ejecutarse por línea de comandos.Status: 403 Forbidden
Content-type: text/html; charset=UTF-8

Este script solo puede ejecutarse por línea de comandos.Status: 403 Forbidden
Content-type: text/html; charset=UTF-8

Este script solo puede ejecutarse por línea de comandos.Status: 403 Forbidden
Content-type: text/html; charset=UTF-8

Este script solo puede ejecutarse por línea de comandos.Status: 403 Forbidden
Content-type: text/html; charset=UTF-8

Este script solo puede ejecutarse por línea de comandos.Status: 403 Forbidden
Content-type: text/html; charset=UTF-8

Este script solo puede ejecutarse por línea de comandos.Status: 403 Forbidden
Content-type: text/html; charset=UTF-8

Este script solo puede ejecutarse por línea de comandos.Status: 403 Forbidden
Content-type: text/html; charset=UTF-8

Este script solo puede ejecutarse por línea de comandos.Status: 403 Forbidden
Content-type: text/html; charset=UTF-8

Este script solo puede ejecutarse por línea de comandos.Status: 403 Forbidden
Content-type: text/html; charset=UTF-8

Este script solo puede ejecutarse por línea de comandos.Status: 403 Forbidden
Content-type: text/html; charset=UTF-8

Este script solo puede ejecutarse por línea de comandos.Status: 403 Forbidden
Content-type: text/html; charset=UTF-8

Este script solo puede ejecutarse por línea de comandos.Status: 403 Forbidden
Content-type: text/html; charset=UTF-8

Este script solo puede ejecutarse por línea de comandos.Status: 403 Forbidden
Content-type: text/html; charset=UTF-8

Este script solo puede ejecutarse por línea de comandos.Status: 403 Forbidden
Content-type: text/html; charset=UTF-8

Este script solo puede ejecutarse por línea de comandos.Status: 403 Forbidden
Content-type: text/html; charset=UTF-8

Este script solo puede ejecutarse por línea de comandos.Status: 403 Forbidden
Content-type: text/html; charset=UTF-8

Este script solo puede ejecutarse por línea de comandos.Status: 403 Forbidden
Content-type: text/html; charset=UTF-8

Este script solo puede ejecutarse por línea de comandos.Status: 403 Forbidden
Content-type: text/html; charset=UTF-8

Este script solo puede ejecutarse por línea de comandos.Status: 403 Forbidden
Content-type: text/html; charset=UTF-8

Este script solo puede ejecutarse por línea de comandos.Status: 403 Forbidden
Content-type: text/html; charset=UTF-8

Este script solo puede ejecutarse por línea de comandos.Status: 403 Forbidden
Content-type: text/html; charset=UTF-8

Este script solo puede ejecutarse por línea de comandos.Status: 403 Forbidden
Content-type: text/html; charset=UTF-8

Este script solo puede ejecutarse por línea de comandos.Status: 403 Forbidden
Content-type: text/html; charset=UTF-8

Este script solo puede ejecutarse por línea de comandos.Status: 403 Forbidden
Content-type: text/html; charset=UTF-8

Este script solo puede ejecutarse por línea de comandos.Status: 403 Forbidden
Content-type: text/html; charset=UTF-8

Este script solo puede ejecutarse por línea de comandos.Status: 403 Forbidden
Content-type: text/html; charset=UTF-8

Este script solo puede ejecutarse por línea de comandos.Status: 403 Forbidden
Content-type: text/html; charset=UTF-8

Este script solo puede ejecutarse por línea de comandos.Status: 403 Forbidden
Content-type: text/html; charset=UTF-8

Este script solo puede ejecutarse por línea de comandos.Status: 403 Forbidden
Content-type: text/html; charset=UTF-8

Este script solo puede ejecutarse por línea de comandos.Status: 403 Forbidden
Content-type: text/html; charset=UTF-8

Este script solo puede ejecutarse por línea de comandos.Status: 403 Forbidden
Content-type: text/html; charset=UTF-8

Este script solo puede ejecutarse por línea de comandos.Status: 403 Forbidden
Content-type: text/html; charset=UTF-8

Este script solo puede ejecutarse por línea de comandos.Status: 403 Forbidden
Content-type: text/html; charset=UTF-8

Este script solo puede ejecutarse por línea de comandos.Status: 403 Forbidden
Content-type: text/html; charset=UTF-8

Este script solo puede ejecutarse por línea de comandos.Status: 403 Forbidden
Content-type: text/html; charset=UTF-8

Este script solo puede ejecutarse por línea de comandos.Status: 403 Forbidden
Content-type: text/html; charset=UTF-8

Este script solo puede ejecutarse por línea de comandos.Status: 403 Forbidden
Content-type: text/html; charset=UTF-8

Este script solo puede ejecutarse por línea de comandos.Status: 403 Forbidden
Content-type: text/html; charset=UTF-8

Este script solo puede ejecutarse por línea de comandos.Status: 403 Forbidden
Content-type: text/html; charset=UTF-8

Este script solo puede ejecutarse por línea de comandos.Status: 403 Forbidden
Content-type: text/html; charset=UTF-8

Este script solo puede ejecutarse por línea de comandos.Status: 403 Forbidden
Content-type: text/html; charset=UTF-8

Este script solo puede ejecutarse por línea de comandos.Status: 403 Forbidden
Content-type: text/html; charset=UTF-8

Este script solo puede ejecutarse por línea de comandos.Status: 403 Forbidden
Content-type: text/html; charset=UTF-8

Este script solo puede ejecutarse por línea de comandos.Status: 403 Forbidden
Content-type: text/html; charset=UTF-8

Este script solo puede ejecutarse por línea de comandos.Status: 403 Forbidden
Content-type: text/html; charset=UTF-8

Este script solo puede ejecutarse por línea de comandos.Status: 403 Forbidden
Content-type: text/html; charset=UTF-8

Este script solo puede ejecutarse por línea de comandos.Status: 403 Forbidden
Content-type: text/html; charset=UTF-8

Este script solo puede ejecutarse por línea de comandos.Status: 403 Forbidden
Content-type: text/html; charset=UTF-8

Este script solo puede ejecutarse por línea de comandos.Status: 403 Forbidden
Content-type: text/html; charset=UTF-8

Este script solo puede ejecutarse por línea de comandos.Status: 403 Forbidden
Content-type: text/html; charset=UTF-8

Este script solo puede ejecutarse por línea de comandos.Status: 403 Forbidden
Content-type: text/html; charset=UTF-8

Este script solo puede ejecutarse por línea de comandos.Status: 403 Forbidden
Content-type: text/html; charset=UTF-8

Este script solo puede ejecutarse por línea de comandos.Status: 403 Forbidden
Content-type: text/html; charset=UTF-8

Este script solo puede ejecutarse por línea de comandos.Status: 403 Forbidden
Content-type: text/html; charset=UTF-8

Este script solo puede ejecutarse por línea de comandos.Status: 403 Forbidden
Content-type: text/html; charset=UTF-8

Este script solo puede ejecutarse por línea de comandos.Status: 403 Forbidden
Content-type: text/html; charset=UTF-8

Este script solo puede ejecutarse por línea de comandos.Status: 403 Forbidden
Content-type: text/html; charset=UTF-8

Este script solo puede ejecutarse por línea de comandos.Status: 403 Forbidden
Content-type: text/html; charset=UTF-8

Este script solo puede ejecutarse por línea de comandos.Status: 403 Forbidden
Content-type: text/html; charset=UTF-8

Este script solo puede ejecutarse por línea de comandos.Status: 403 Forbidden
Content-type: text/html; charset=UTF-8

Este script solo puede ejecutarse por línea de comandos.Status: 403 Forbidden
Content-type: text/html; charset=UTF-8

Este script solo puede ejecutarse por línea de comandos.Status: 403 Forbidden
Content-type: text/html; charset=UTF-8

Este script solo puede ejecutarse por línea de comandos.Status: 403 Forbidden
Content-type: text/html; charset=UTF-8

Este script solo puede ejecutarse por línea de comandos.Status: 403 Forbidden
Content-type: text/html; charset=UTF-8

Este script solo puede ejecutarse por línea de comandos.Status: 403 Forbidden
Content-type: text/html; charset=UTF-8

Este script solo puede ejecutarse por línea de comandos.Status: 403 Forbidden
Content-type: text/html; charset=UTF-8

Este script solo puede ejecutarse por línea de comandos.Status: 403 Forbidden
Content-type: text/html; charset=UTF-8

Este script solo puede ejecutarse por línea de comandos.Status: 403 Forbidden
Content-type: text/html; charset=UTF-8

Este script solo puede ejecutarse por línea de comandos.Status: 403 Forbidden
Content-type: text/html; charset=UTF-8

Este script solo puede ejecutarse por línea de comandos.Status: 403 Forbidden
Content-type: text/html; charset=UTF-8

Este script solo puede ejecutarse por línea de comandos.Status: 403 Forbidden
Content-type: text/html; charset=UTF-8

Este script solo puede ejecutarse por línea de comandos.Status: 403 Forbidden
Content-type: text/html; charset=UTF-8

Este script solo puede ejecutarse por línea de comandos.Status: 403 Forbidden
Content-type: text/html; charset=UTF-8

Este script solo puede ejecutarse por línea de comandos.Status: 403 Forbidden
Content-type: text/html; charset=UTF-8

Este script solo puede ejecutarse por línea de comandos.Status: 403 Forbidden
Content-type: text/html; charset=UTF-8

Este script solo puede ejecutarse por línea de comandos.Status: 403 Forbidden
Content-type: text/html; charset=UTF-8

Este script solo puede ejecutarse por línea de comandos.Status: 403 Forbidden
Content-type: text/html; charset=UTF-8

Este script solo puede ejecutarse por línea de comandos.Status: 403 Forbidden
Content-type: text/html; charset=UTF-8

Este script solo puede ejecutarse por línea de comandos.Status: 403 Forbidden
Content-type: text/html; charset=UTF-8

Este script solo puede ejecutarse por línea de comandos.Status: 403 Forbidden
Content-type: text/html; charset=UTF-8

Este script solo puede ejecutarse por línea de comandos.Status: 403 Forbidden
Content-type: text/html; charset=UTF-8

Este script solo puede ejecutarse por línea de comandos.Status: 403 Forbidden
Content-type: text/html; charset=UTF-8

Este script solo puede ejecutarse por línea de comandos.Status: 403 Forbidden
Content-type: text/html; charset=UTF-8

Este script solo puede ejecutarse por línea de comandos.Status: 403 Forbidden
Content-type: text/html; charset=UTF-8

Este script solo puede ejecutarse por línea de comandos.Status: 403 Forbidden
Content-type: text/html; charset=UTF-8

Este script solo puede ejecutarse por línea de comandos.Status: 403 Forbidden
Content-type: text/html; charset=UTF-8

Este script solo puede ejecutarse por línea de comandos.Status: 403 Forbidden
Content-type: text/html; charset=UTF-8

Este script solo puede ejecutarse por línea de comandos.Status: 403 Forbidden
Content-type: text/html; charset=UTF-8

Este script solo puede ejecutarse por línea de comandos.Status: 403 Forbidden
Content-type: text/html; charset=UTF-8

Este script solo puede ejecutarse por línea de comandos.Status: 403 Forbidden
Content-type: text/html; charset=UTF-8

Este script solo puede ejecutarse por línea de comandos.Status: 403 Forbidden
Content-type: text/html; charset=UTF-8

Este script solo puede ejecutarse por línea de comandos.Status: 403 Forbidden
Content-type: text/html; charset=UTF-8

Este script solo puede ejecutarse por línea de comandos.Status: 403 Forbidden
Content-type: text/html; charset=UTF-8

Este script solo puede ejecutarse por línea de comandos.Status: 403 Forbidden
Content-type: text/html; charset=UTF-8

Este script solo puede ejecutarse por línea de comandos.Status: 403 Forbidden
Content-type: text/html; charset=UTF-8

Este script solo puede ejecutarse por línea de comandos.Status: 403 Forbidden
Content-type: text/html; charset=UTF-8

Este script solo puede ejecutarse por línea de comandos.Status: 403 Forbidden
Content-type: text/html; charset=UTF-8

Este script solo puede ejecutarse por línea de comandos.Status: 403 Forbidden
Content-type: text/html; charset=UTF-8

Este script solo puede ejecutarse por línea de comandos.Status: 403 Forbidden
Content-type: text/html; charset=UTF-8

Este script solo puede ejecutarse por línea de comandos.Status: 403 Forbidden
Content-type: text/html; charset=UTF-8

Este script solo puede ejecutarse por línea de comandos.Status: 403 Forbidden
Content-type: text/html; charset=UTF-8

Este script solo puede ejecutarse por línea de comandos.Status: 403 Forbidden
Content-type: text/html; charset=UTF-8

Este script solo puede ejecutarse por línea de comandos.Status: 403 Forbidden
Content-type: text/html; charset=UTF-8

Este script solo puede ejecutarse por línea de comandos.Status: 403 Forbidden
Content-type: text/html; charset=UTF-8

Este script solo puede ejecutarse por línea de comandos.Status: 403 Forbidden
Content-type: text/html; charset=UTF-8

Este script solo puede ejecutarse por línea de comandos.Status: 403 Forbidden
Content-type: text/html; charset=UTF-8

Este script solo puede ejecutarse por línea de comandos.Status: 403 Forbidden
Content-type: text/html; charset=UTF-8

Este script solo puede ejecutarse por línea de comandos.Status: 403 Forbidden
Content-type: text/html; charset=UTF-8

Este script solo puede ejecutarse por línea de comandos.Status: 403 Forbidden
Content-type: text/html; charset=UTF-8

Este script solo puede ejecutarse por línea de comandos.Status: 403 Forbidden
Content-type: text/html; charset=UTF-8

Este script solo puede ejecutarse por línea de comandos.Status: 403 Forbidden
Content-type: text/html; charset=UTF-8

Este script solo puede ejecutarse por línea de comandos.Status: 403 Forbidden
Content-type: text/html; charset=UTF-8

Este script solo puede ejecutarse por línea de comandos.Status: 403 Forbidden
Content-type: text/html; charset=UTF-8

Este script solo puede ejecutarse por línea de comandos.Status: 403 Forbidden
Content-type: text/html; charset=UTF-8

Este script solo puede ejecutarse por línea de comandos.Status: 403 Forbidden
Content-type: text/html; charset=UTF-8

Este script solo puede ejecutarse por línea de comandos.Status: 403 Forbidden
Content-type: text/html; charset=UTF-8

Este script solo puede ejecutarse por línea de comandos.Status: 403 Forbidden
Content-type: text/html; charset=UTF-8

Este script solo puede ejecutarse por línea de comandos.Status: 403 Forbidden
Content-type: text/html; charset=UTF-8

Este script solo puede ejecutarse por línea de comandos.Status: 403 Forbidden
Content-type: text/html; charset=UTF-8

Este script solo puede ejecutarse por línea de comandos.Status: 403 Forbidden
Content-type: text/html; charset=UTF-8

Este script solo puede ejecutarse por línea de comandos.Status: 403 Forbidden
Content-type: text/html; charset=UTF-8

Este script solo puede ejecutarse por línea de comandos.Status: 403 Forbidden
Content-type: text/html; charset=UTF-8

Este script solo puede ejecutarse por línea de comandos.Status: 403 Forbidden
Content-type: text/html; charset=UTF-8

Este script solo puede ejecutarse por línea de comandos.Status: 403 Forbidden
Content-type: text/html; charset=UTF-8

Este script solo puede ejecutarse por línea de comandos.Status: 403 Forbidden
Content-type: text/html; charset=UTF-8

Este script solo puede ejecutarse por línea de comandos.Status: 403 Forbidden
Content-type: text/html; charset=UTF-8

Este script solo puede ejecutarse por línea de comandos.Status: 403 Forbidden
Content-type: text/html; charset=UTF-8

Este script solo puede ejecutarse por línea de comandos.Status: 403 Forbidden
Content-type: text/html; charset=UTF-8

Este script solo puede ejecutarse por línea de comandos.Status: 403 Forbidden
Content-type: text/html; charset=UTF-8

Este script solo puede ejecutarse por línea de comandos.Status: 403 Forbidden
Content-type: text/html; charset=UTF-8

Este script solo puede ejecutarse por línea de comandos.Status: 403 Forbidden
Content-type: text/html; charset=UTF-8

Este script solo puede ejecutarse por línea de comandos.Status: 403 Forbidden
Content-type: text/html; charset=UTF-8

Este script solo puede ejecutarse por línea de comandos.Status: 403 Forbidden
Content-type: text/html; charset=UTF-8

Este script solo puede ejecutarse por línea de comandos.Status: 403 Forbidden
Content-type: text/html; charset=UTF-8

Este script solo puede ejecutarse por línea de comandos.Status: 403 Forbidden
Content-type: text/html; charset=UTF-8

Este script solo puede ejecutarse por línea de comandos.Status: 403 Forbidden
Content-type: text/html; charset=UTF-8

Este script solo puede ejecutarse por línea de comandos.Status: 403 Forbidden
Content-type: text/html; charset=UTF-8

Este script solo puede ejecutarse por línea de comandos.Status: 403 Forbidden
Content-type: text/html; charset=UTF-8

Este script solo puede ejecutarse por línea de comandos.Status: 403 Forbidden
Content-type: text/html; charset=UTF-8

Este script solo puede ejecutarse por línea de comandos.Status: 403 Forbidden
Content-type: text/html; charset=UTF-8

Este script solo puede ejecutarse por línea de comandos.Status: 403 Forbidden
Content-type: text/html; charset=UTF-8

Este script solo puede ejecutarse por línea de comandos.Status: 403 Forbidden
Content-type: text/html; charset=UTF-8

Este script solo puede ejecutarse por línea de comandos.Status: 403 Forbidden
Content-type: text/html; charset=UTF-8

Este script solo puede ejecutarse por línea de comandos.Status: 403 Forbidden
Content-type: text/html; charset=UTF-8

Este script solo puede ejecutarse por línea de comandos.Status: 403 Forbidden
Content-type: text/html; charset=UTF-8

Este script solo puede ejecutarse por línea de comandos.Status: 403 Forbidden
Content-type: text/html; charset=UTF-8

Este script solo puede ejecutarse por línea de comandos.Status: 403 Forbidden
Content-type: text/html; charset=UTF-8

Este script solo puede ejecutarse por línea de comandos.Status: 403 Forbidden
Content-type: text/html; charset=UTF-8

Este script solo puede ejecutarse por línea de comandos.Status: 403 Forbidden
Content-type: text/html; charset=UTF-8

Este script solo puede ejecutarse por línea de comandos.Status: 403 Forbidden
Content-type: text/html; charset=UTF-8

Este script solo puede ejecutarse por línea de comandos.Status: 403 Forbidden
Content-type: text/html; charset=UTF-8

Este script solo puede ejecutarse por línea de comandos.Status: 403 Forbidden
Content-type: text/html; charset=UTF-8

Este script solo puede ejecutarse por línea de comandos.Status: 403 Forbidden
Content-type: text/html; charset=UTF-8

Este script solo puede ejecutarse por línea de comandos.Status: 403 Forbidden
Content-type: text/html; charset=UTF-8

Este script solo puede ejecutarse por línea de comandos.Status: 403 Forbidden
Content-type: text/html; charset=UTF-8

Este script solo puede ejecutarse por línea de comandos.Status: 403 Forbidden
Content-type: text/html; charset=UTF-8

Este script solo puede ejecutarse por línea de comandos.Status: 403 Forbidden
Content-type: text/html; charset=UTF-8

Este script solo puede ejecutarse por línea de comandos.Status: 403 Forbidden
Content-type: text/html; charset=UTF-8

Este script solo puede ejecutarse por línea de comandos.Status: 403 Forbidden
Content-type: text/html; charset=UTF-8

Este script solo puede ejecutarse por línea de comandos.Status: 403 Forbidden
Content-type: text/html; charset=UTF-8

Este script solo puede ejecutarse por línea de comandos.Status: 403 Forbidden
Content-type: text/html; charset=UTF-8

Este script solo puede ejecutarse por línea de comandos.Status: 403 Forbidden
Content-type: text/html; charset=UTF-8

Este script solo puede ejecutarse por línea de comandos.Status: 403 Forbidden
Content-type: text/html; charset=UTF-8

Este script solo puede ejecutarse por línea de comandos.Status: 403 Forbidden
Content-type: text/html; charset=UTF-8

Este script solo puede ejecutarse por línea de comandos.Status: 403 Forbidden
Content-type: text/html; charset=UTF-8

Este script solo puede ejecutarse por línea de comandos.Status: 403 Forbidden
Content-type: text/html; charset=UTF-8

Este script solo puede ejecutarse por línea de comandos.Status: 403 Forbidden
Content-type: text/html; charset=UTF-8

Este script solo puede ejecutarse por línea de comandos.Status: 403 Forbidden
Content-type: text/html; charset=UTF-8

Este script solo puede ejecutarse por línea de comandos.Status: 403 Forbidden
Content-type: text/html; charset=UTF-8

Este script solo puede ejecutarse por línea de comandos.Status: 403 Forbidden
Content-type: text/html; charset=UTF-8

Este script solo puede ejecutarse por línea de comandos.Status: 403 Forbidden
Content-type: text/html; charset=UTF-8

Este script solo puede ejecutarse por línea de comandos.Status: 403 Forbidden
Content-type: text/html; charset=UTF-8

Este script solo puede ejecutarse por línea de comandos.Status: 403 Forbidden
Content-type: text/html; charset=UTF-8

Este script solo puede ejecutarse por línea de comandos.Status: 403 Forbidden
Content-type: text/html; charset=UTF-8

Este script solo puede ejecutarse por línea de comandos.Status: 403 Forbidden
Content-type: text/html; charset=UTF-8

Este script solo puede ejecutarse por línea de comandos.Status: 403 Forbidden
Content-type: text/html; charset=UTF-8

Este script solo puede ejecutarse por línea de comandos.Status: 403 Forbidden
Content-type: text/html; charset=UTF-8

Este script solo puede ejecutarse por línea de comandos.Status: 403 Forbidden
Content-type: text/html; charset=UTF-8

Este script solo puede ejecutarse por línea de comandos.Status: 403 Forbidden
Content-type: text/html; charset=UTF-8

Este script solo puede ejecutarse por línea de comandos.Status: 403 Forbidden
Content-type: text/html; charset=UTF-8

Este script solo puede ejecutarse por línea de comandos.Status: 403 Forbidden
Content-type: text/html; charset=UTF-8

Este script solo puede ejecutarse por línea de comandos.Status: 403 Forbidden
Content-type: text/html; charset=UTF-8

Este script solo puede ejecutarse por línea de comandos.Status: 403 Forbidden
Content-type: text/html; charset=UTF-8

Este script solo puede ejecutarse por línea de comandos.Status: 403 Forbidden
Content-type: text/html; charset=UTF-8

Este script solo puede ejecutarse por línea de comandos.Status: 403 Forbidden
Content-type: text/html; charset=UTF-8

Este script solo puede ejecutarse por línea de comandos.Status: 403 Forbidden
Content-type: text/html; charset=UTF-8

Este script solo puede ejecutarse por línea de comandos.Status: 403 Forbidden
Content-type: text/html; charset=UTF-8

Este script solo puede ejecutarse por línea de comandos.Status: 403 Forbidden
Content-type: text/html; charset=UTF-8

Este script solo puede ejecutarse por línea de comandos.Status: 403 Forbidden
Content-type: text/html; charset=UTF-8

Este script solo puede ejecutarse por línea de comandos.Status: 403 Forbidden
Content-type: text/html; charset=UTF-8

Este script solo puede ejecutarse por línea de comandos.Status: 403 Forbidden
Content-type: text/html; charset=UTF-8

Este script solo puede ejecutarse por línea de comandos.Status: 403 Forbidden
Content-type: text/html; charset=UTF-8

Este script solo puede ejecutarse por línea de comandos.Status: 403 Forbidden
Content-type: text/html; charset=UTF-8

Este script solo puede ejecutarse por línea de comandos.Status: 403 Forbidden
Content-type: text/html; charset=UTF-8

Este script solo puede ejecutarse por línea de comandos.Status: 403 Forbidden
Content-type: text/html; charset=UTF-8

Este script solo puede ejecutarse por línea de comandos.Status: 403 Forbidden
Content-type: text/html; charset=UTF-8

Este script solo puede ejecutarse por línea de comandos.Status: 403 Forbidden
Content-type: text/html; charset=UTF-8

Este script solo puede ejecutarse por línea de comandos.Status: 403 Forbidden
Content-type: text/html; charset=UTF-8

Este script solo puede ejecutarse por línea de comandos.Status: 403 Forbidden
Content-type: text/html; charset=UTF-8

Este script solo puede ejecutarse por línea de comandos.Status: 403 Forbidden
Content-type: text/html; charset=UTF-8

Este script solo puede ejecutarse por línea de comandos.Status: 403 Forbidden
Content-type: text/html; charset=UTF-8

Este script solo puede ejecutarse por línea de comandos.Status: 403 Forbidden
Content-type: text/html; charset=UTF-8

Este script solo puede ejecutarse por línea de comandos.Status: 403 Forbidden
Content-type: text/html; charset=UTF-8

Este script solo puede ejecutarse por línea de comandos.Status: 403 Forbidden
Content-type: text/html; charset=UTF-8

Este script solo puede ejecutarse por línea de comandos.Status: 403 Forbidden
Content-type: text/html; charset=UTF-8

Este script solo puede ejecutarse por línea de comandos.Status: 403 Forbidden
Content-type: text/html; charset=UTF-8

Este script solo puede ejecutarse por línea de comandos.Status: 403 Forbidden
Content-type: text/html; charset=UTF-8

Este script solo puede ejecutarse por línea de comandos.Status: 403 Forbidden
Content-type: text/html; charset=UTF-8

Este script solo puede ejecutarse por línea de comandos.Status: 403 Forbidden
Content-type: text/html; charset=UTF-8

Este script solo puede ejecutarse por línea de comandos.Status: 403 Forbidden
Content-type: text/html; charset=UTF-8

Este script solo puede ejecutarse por línea de comandos.Status: 403 Forbidden
Content-type: text/html; charset=UTF-8

Este script solo puede ejecutarse por línea de comandos.Status: 403 Forbidden
Content-type: text/html; charset=UTF-8

Este script solo puede ejecutarse por línea de comandos.Status: 403 Forbidden
Content-type: text/html; charset=UTF-8

Este script solo puede ejecutarse por línea de comandos.Status: 403 Forbidden
Content-type: text/html; charset=UTF-8

Este script solo puede ejecutarse por línea de comandos.Status: 403 Forbidden
Content-type: text/html; charset=UTF-8

Este script solo puede ejecutarse por línea de comandos.Status: 403 Forbidden
Content-type: text/html; charset=UTF-8

Este script solo puede ejecutarse por línea de comandos.Status: 403 Forbidden
Content-type: text/html; charset=UTF-8

Este script solo puede ejecutarse por línea de comandos.Status: 403 Forbidden
Content-type: text/html; charset=UTF-8

Este script solo puede ejecutarse por línea de comandos.Status: 403 Forbidden
Content-type: text/html; charset=UTF-8

Este script solo puede ejecutarse por línea de comandos.Status: 403 Forbidden
Content-type: text/html; charset=UTF-8

Este script solo puede ejecutarse por línea de comandos.Status: 403 Forbidden
Content-type: text/html; charset=UTF-8

Este script solo puede ejecutarse por línea de comandos.Status: 403 Forbidden
Content-type: text/html; charset=UTF-8

Este script solo puede ejecutarse por línea de comandos.Status: 403 Forbidden
Content-type: text/html; charset=UTF-8

Este script solo puede ejecutarse por línea de comandos.Status: 403 Forbidden
Content-type: text/html; charset=UTF-8

Este script solo puede ejecutarse por línea de comandos.Status: 403 Forbidden
Content-type: text/html; charset=UTF-8

Este script solo puede ejecutarse por línea de comandos.Status: 403 Forbidden
Content-type: text/html; charset=UTF-8

Este script solo puede ejecutarse por línea de comandos.Status: 403 Forbidden
Content-type: text/html; charset=UTF-8

Este script solo puede ejecutarse por línea de comandos.Status: 403 Forbidden
Content-type: text/html; charset=UTF-8

Este script solo puede ejecutarse por línea de comandos.Status: 403 Forbidden
Content-type: text/html; charset=UTF-8

Este script solo puede ejecutarse por línea de comandos.Status: 403 Forbidden
Content-type: text/html; charset=UTF-8

Este script solo puede ejecutarse por línea de comandos.Status: 403 Forbidden
Content-type: text/html; charset=UTF-8

Este script solo puede ejecutarse por línea de comandos.Status: 403 Forbidden
Content-type: text/html; charset=UTF-8

Este script solo puede ejecutarse por línea de comandos.Status: 403 Forbidden
Content-type: text/html; charset=UTF-8

Este script solo puede ejecutarse por línea de comandos.Status: 403 Forbidden
Content-type: text/html; charset=UTF-8

Este script solo puede ejecutarse por línea de comandos.Status: 403 Forbidden
Content-type: text/html; charset=UTF-8

Este script solo puede ejecutarse por línea de comandos.Status: 403 Forbidden
Content-type: text/html; charset=UTF-8

Este script solo puede ejecutarse por línea de comandos.Status: 403 Forbidden
Content-type: text/html; charset=UTF-8

Este script solo puede ejecutarse por línea de comandos.Status: 403 Forbidden
Content-type: text/html; charset=UTF-8

Este script solo puede ejecutarse por línea de comandos.Status: 403 Forbidden
Content-type: text/html; charset=UTF-8

Este script solo puede ejecutarse por línea de comandos.Status: 403 Forbidden
Content-type: text/html; charset=UTF-8

Este script solo puede ejecutarse por línea de comandos.Status: 403 Forbidden
Content-type: text/html; charset=UTF-8

Este script solo puede ejecutarse por línea de comandos.Status: 403 Forbidden
Content-type: text/html; charset=UTF-8

Este script solo puede ejecutarse por línea de comandos.Status: 403 Forbidden
Content-type: text/html; charset=UTF-8

Este script solo puede ejecutarse por línea de comandos.Status: 403 Forbidden
Content-type: text/html; charset=UTF-8

Este script solo puede ejecutarse por línea de comandos.Status: 403 Forbidden
Content-type: text/html; charset=UTF-8

Este script solo puede ejecutarse por línea de comandos.Status: 403 Forbidden
Content-type: text/html; charset=UTF-8

Este script solo puede ejecutarse por línea de comandos.Status: 403 Forbidden
Content-type: text/html; charset=UTF-8

Este script solo puede ejecutarse por línea de comandos.Status: 403 Forbidden
Content-type: text/html; charset=UTF-8

Este script solo puede ejecutarse por línea de comandos.Status: 403 Forbidden
Content-type: text/html; charset=UTF-8

Este script solo puede ejecutarse por línea de comandos.Status: 403 Forbidden
Content-type: text/html; charset=UTF-8

Este script solo puede ejecutarse por línea de comandos.Status: 403 Forbidden
Content-type: text/html; charset=UTF-8

Este script solo puede ejecutarse por línea de comandos.Status: 403 Forbidden
Content-type: text/html; charset=UTF-8

Este script solo puede ejecutarse por línea de comandos.Status: 403 Forbidden
Content-type: text/html; charset=UTF-8

Este script solo puede ejecutarse por línea de comandos.Status: 403 Forbidden
Content-type: text/html; charset=UTF-8

Este script solo puede ejecutarse por línea de comandos.Status: 403 Forbidden
Content-type: text/html; charset=UTF-8

Este script solo puede ejecutarse por línea de comandos.Status: 403 Forbidden
Content-type: text/html; charset=UTF-8

Este script solo puede ejecutarse por línea de comandos.Status: 403 Forbidden
Content-type: text/html; charset=UTF-8

Este script solo puede ejecutarse por línea de comandos.Status: 403 Forbidden
Content-type: text/html; charset=UTF-8

Este script solo puede ejecutarse por línea de comandos.Status: 403 Forbidden
Content-type: text/html; charset=UTF-8

Este script solo puede ejecutarse por línea de comandos.Status: 403 Forbidden
Content-type: text/html; charset=UTF-8

Este script solo puede ejecutarse por línea de comandos.Status: 403 Forbidden
Content-type: text/html; charset=UTF-8

Este script solo puede ejecutarse por línea de comandos.Status: 403 Forbidden
Content-type: text/html; charset=UTF-8

Este script solo puede ejecutarse por línea de comandos.Status: 403 Forbidden
Content-type: text/html; charset=UTF-8

Este script solo puede ejecutarse por línea de comandos.Status: 403 Forbidden
Content-type: text/html; charset=UTF-8

Este script solo puede ejecutarse por línea de comandos.Status: 403 Forbidden
Content-type: text/html; charset=UTF-8

Este script solo puede ejecutarse por línea de comandos.Status: 403 Forbidden
Content-type: text/html; charset=UTF-8

Este script solo puede ejecutarse por línea de comandos.Status: 403 Forbidden
Content-type: text/html; charset=UTF-8

Este script solo puede ejecutarse por línea de comandos.Status: 403 Forbidden
Content-type: text/html; charset=UTF-8

Este script solo puede ejecutarse por línea de comandos.Status: 403 Forbidden
Content-type: text/html; charset=UTF-8

Este script solo puede ejecutarse por línea de comandos.Status: 403 Forbidden
Content-type: text/html; charset=UTF-8

Este script solo puede ejecutarse por línea de comandos.Status: 403 Forbidden
Content-type: text/html; charset=UTF-8

Este script solo puede ejecutarse por línea de comandos.Status: 403 Forbidden
Content-type: text/html; charset=UTF-8

Este script solo puede ejecutarse por línea de comandos.Status: 403 Forbidden
Content-type: text/html; charset=UTF-8

Este script solo puede ejecutarse por línea de comandos.Status: 403 Forbidden
Content-type: text/html; charset=UTF-8

Este script solo puede ejecutarse por línea de comandos.Status: 403 Forbidden
Content-type: text/html; charset=UTF-8

Este script solo puede ejecutarse por línea de comandos.Status: 403 Forbidden
Content-type: text/html; charset=UTF-8

Este script solo puede ejecutarse por línea de comandos.Status: 403 Forbidden
Content-type: text/html; charset=UTF-8

Este script solo puede ejecutarse por línea de comandos.Status: 403 Forbidden
Content-type: text/html; charset=UTF-8

Este script solo puede ejecutarse por línea de comandos.Status: 403 Forbidden
Content-type: text/html; charset=UTF-8

Este script solo puede ejecutarse por línea de comandos.Status: 403 Forbidden
Content-type: text/html; charset=UTF-8

Este script solo puede ejecutarse por línea de comandos.Status: 403 Forbidden
Content-type: text/html; charset=UTF-8

Este script solo puede ejecutarse por línea de comandos.Status: 403 Forbidden
Content-type: text/html; charset=UTF-8

Este script solo puede ejecutarse por línea de comandos.Status: 403 Forbidden
Content-type: text/html; charset=UTF-8

Este script solo puede ejecutarse por línea de comandos.Status: 403 Forbidden
Content-type: text/html; charset=UTF-8

Este script solo puede ejecutarse por línea de comandos.Status: 403 Forbidden
Content-type: text/html; charset=UTF-8

Este script solo puede ejecutarse por línea de comandos.Status: 403 Forbidden
Content-type: text/html; charset=UTF-8

Este script solo puede ejecutarse por línea de comandos.Status: 403 Forbidden
Content-type: text/html; charset=UTF-8

Este script solo puede ejecutarse por línea de comandos.Status: 403 Forbidden
Content-type: text/html; charset=UTF-8

Este script solo puede ejecutarse por línea de comandos.Status: 403 Forbidden
Content-type: text/html; charset=UTF-8

Este script solo puede ejecutarse por línea de comandos.Status: 403 Forbidden
Content-type: text/html; charset=UTF-8

Este script solo puede ejecutarse por línea de comandos.Status: 403 Forbidden
Content-type: text/html; charset=UTF-8

Este script solo puede ejecutarse por línea de comandos.Status: 403 Forbidden
Content-type: text/html; charset=UTF-8

Este script solo puede ejecutarse por línea de comandos.Status: 403 Forbidden
Content-type: text/html; charset=UTF-8

Este script solo puede ejecutarse por línea de comandos.Status: 403 Forbidden
Content-type: text/html; charset=UTF-8

Este script solo puede ejecutarse por línea de comandos.Status: 403 Forbidden
Content-type: text/html; charset=UTF-8

Este script solo puede ejecutarse por línea de comandos.Status: 403 Forbidden
Content-type: text/html; charset=UTF-8

Este script solo puede ejecutarse por línea de comandos.Status: 403 Forbidden
Content-type: text/html; charset=UTF-8

Este script solo puede ejecutarse por línea de comandos.Status: 403 Forbidden
Content-type: text/html; charset=UTF-8

Este script solo puede ejecutarse por línea de comandos.Status: 403 Forbidden
Content-type: text/html; charset=UTF-8

Este script solo puede ejecutarse por línea de comandos.Status: 403 Forbidden
Content-type: text/html; charset=UTF-8

Este script solo puede ejecutarse por línea de comandos.Status: 403 Forbidden
Content-type: text/html; charset=UTF-8

Este script solo puede ejecutarse por línea de comandos.Status: 403 Forbidden
Content-type: text/html; charset=UTF-8

Este script solo puede ejecutarse por línea de comandos.Status: 403 Forbidden
Content-type: text/html; charset=UTF-8

Este script solo puede ejecutarse por línea de comandos.Status: 403 Forbidden
Content-type: text/html; charset=UTF-8

Este script solo puede ejecutarse por línea de comandos.Status: 403 Forbidden
Content-type: text/html; charset=UTF-8

Este script solo puede ejecutarse por línea de comandos.Status: 403 Forbidden
Content-type: text/html; charset=UTF-8

Este script solo puede ejecutarse por línea de comandos.Status: 403 Forbidden
Content-type: text/html; charset=UTF-8

Este script solo puede ejecutarse por línea de comandos.Status: 403 Forbidden
Content-type: text/html; charset=UTF-8

Este script solo puede ejecutarse por línea de comandos.Status: 403 Forbidden
Content-type: text/html; charset=UTF-8

Este script solo puede ejecutarse por línea de comandos.Status: 403 Forbidden
Content-type: text/html; charset=UTF-8

Este script solo puede ejecutarse por línea de comandos.Status: 403 Forbidden
Content-type: text/html; charset=UTF-8

Este script solo puede ejecutarse por línea de comandos.Status: 403 Forbidden
Content-type: text/html; charset=UTF-8

Este script solo puede ejecutarse por línea de comandos.Status: 403 Forbidden
Content-type: text/html; charset=UTF-8

Este script solo puede ejecutarse por línea de comandos.Status: 403 Forbidden
Content-type: text/html; charset=UTF-8

Este script solo puede ejecutarse por línea de comandos.Status: 403 Forbidden
Content-type: text/html; charset=UTF-8

Este script solo puede ejecutarse por línea de comandos.Status: 403 Forbidden
Content-type: text/html; charset=UTF-8

Este script solo puede ejecutarse por línea de comandos.Status: 403 Forbidden
Content-type: text/html; charset=UTF-8

Este script solo puede ejecutarse por línea de comandos.Status: 403 Forbidden
Content-type: text/html; charset=UTF-8

Este script solo puede ejecutarse por línea de comandos.Status: 403 Forbidden
Content-type: text/html; charset=UTF-8

Este script solo puede ejecutarse por línea de comandos.Status: 403 Forbidden
Content-type: text/html; charset=UTF-8

Este script solo puede ejecutarse por línea de comandos.Status: 403 Forbidden
Content-type: text/html; charset=UTF-8

Este script solo puede ejecutarse por línea de comandos.Status: 403 Forbidden
Content-type: text/html; charset=UTF-8

Este script solo puede ejecutarse por línea de comandos.Status: 403 Forbidden
Content-type: text/html; charset=UTF-8

Este script solo puede ejecutarse por línea de comandos.Status: 403 Forbidden
Content-type: text/html; charset=UTF-8

Este script solo puede ejecutarse por línea de comandos.Status: 403 Forbidden
Content-type: text/html; charset=UTF-8

Este script solo puede ejecutarse por línea de comandos.Status: 403 Forbidden
Content-type: text/html; charset=UTF-8

Este script solo puede ejecutarse por línea de comandos.Status: 403 Forbidden
Content-type: text/html; charset=UTF-8

Este script solo puede ejecutarse por línea de comandos.Status: 403 Forbidden
Content-type: text/html; charset=UTF-8

Este script solo puede ejecutarse por línea de comandos.Status: 403 Forbidden
Content-type: text/html; charset=UTF-8

Este script solo puede ejecutarse por línea de comandos.Status: 403 Forbidden
Content-type: text/html; charset=UTF-8

Este script solo puede ejecutarse por línea de comandos.Status: 403 Forbidden
Content-type: text/html; charset=UTF-8

Este script solo puede ejecutarse por línea de comandos.Status: 403 Forbidden
Content-type: text/html; charset=UTF-8

Este script solo puede ejecutarse por línea de comandos.Status: 403 Forbidden
Content-type: text/html; charset=UTF-8

Este script solo puede ejecutarse por línea de comandos.Status: 403 Forbidden
Content-type: text/html; charset=UTF-8

Este script solo puede ejecutarse por línea de comandos.Status: 403 Forbidden
Content-type: text/html; charset=UTF-8

Este script solo puede ejecutarse por línea de comandos.Status: 403 Forbidden
Content-type: text/html; charset=UTF-8

Este script solo puede ejecutarse por línea de comandos.Status: 403 Forbidden
Content-type: text/html; charset=UTF-8

Este script solo puede ejecutarse por línea de comandos.Status: 403 Forbidden
Content-type: text/html; charset=UTF-8

Este script solo puede ejecutarse por línea de comandos.Status: 403 Forbidden
Content-type: text/html; charset=UTF-8

Este script solo puede ejecutarse por línea de comandos.Status: 403 Forbidden
Content-type: text/html; charset=UTF-8

Este script solo puede ejecutarse por línea de comandos.Status: 403 Forbidden
Content-type: text/html; charset=UTF-8

Este script solo puede ejecutarse por línea de comandos.Status: 403 Forbidden
Content-type: text/html; charset=UTF-8

Este script solo puede ejecutarse por línea de comandos.Status: 403 Forbidden
Content-type: text/html; charset=UTF-8

Este script solo puede ejecutarse por línea de comandos.Status: 403 Forbidden
Content-type: text/html; charset=UTF-8

Este script solo puede ejecutarse por línea de comandos.Status: 403 Forbidden
Content-type: text/html; charset=UTF-8

Este script solo puede ejecutarse por línea de comandos.Status: 403 Forbidden
Content-type: text/html; charset=UTF-8

Este script solo puede ejecutarse por línea de comandos.Status: 403 Forbidden
Content-type: text/html; charset=UTF-8

Este script solo puede ejecutarse por línea de comandos.Status: 403 Forbidden
Content-type: text/html; charset=UTF-8

Este script solo puede ejecutarse por línea de comandos.Status: 403 Forbidden
Content-type: text/html; charset=UTF-8

Este script solo puede ejecutarse por línea de comandos.Status: 403 Forbidden
Content-type: text/html; charset=UTF-8

Este script solo puede ejecutarse por línea de comandos.Status: 403 Forbidden
Content-type: text/html; charset=UTF-8

Este script solo puede ejecutarse por línea de comandos.Status: 403 Forbidden
Content-type: text/html; charset=UTF-8

Este script solo puede ejecutarse por línea de comandos.Status: 403 Forbidden
Content-type: text/html; charset=UTF-8

Este script solo puede ejecutarse por línea de comandos.Status: 403 Forbidden
Content-type: text/html; charset=UTF-8

Este script solo puede ejecutarse por línea de comandos.Status: 403 Forbidden
Content-type: text/html; charset=UTF-8

Este script solo puede ejecutarse por línea de comandos.Status: 403 Forbidden
Content-type: text/html; charset=UTF-8

Este script solo puede ejecutarse por línea de comandos.Status: 403 Forbidden
Content-type: text/html; charset=UTF-8

Este script solo puede ejecutarse por línea de comandos.Status: 403 Forbidden
Content-type: text/html; charset=UTF-8

Este script solo puede ejecutarse por línea de comandos.Status: 403 Forbidden
Content-type: text/html; charset=UTF-8

Este script solo puede ejecutarse por línea de comandos.Status: 403 Forbidden
Content-type: text/html; charset=UTF-8

Este script solo puede ejecutarse por línea de comandos.Status: 403 Forbidden
Content-type: text/html; charset=UTF-8

Este script solo puede ejecutarse por línea de comandos.Status: 403 Forbidden
Content-type: text/html; charset=UTF-8

Este script solo puede ejecutarse por línea de comandos.Status: 403 Forbidden
Content-type: text/html; charset=UTF-8

Este script solo puede ejecutarse por línea de comandos.Status: 403 Forbidden
Content-type: text/html; charset=UTF-8

Este script solo puede ejecutarse por línea de comandos.Status: 403 Forbidden
Content-type: text/html; charset=UTF-8

Este script solo puede ejecutarse por línea de comandos.Status: 403 Forbidden
Content-type: text/html; charset=UTF-8

Este script solo puede ejecutarse por línea de comandos.Status: 403 Forbidden
Content-type: text/html; charset=UTF-8

Este script solo puede ejecutarse por línea de comandos.Status: 403 Forbidden
Content-type: text/html; charset=UTF-8

Este script solo puede ejecutarse por línea de comandos.Status: 403 Forbidden
Content-type: text/html; charset=UTF-8

Este script solo puede ejecutarse por línea de comandos.Status: 403 Forbidden
Content-type: text/html; charset=UTF-8

Este script solo puede ejecutarse por línea de comandos.Status: 403 Forbidden
Content-type: text/html; charset=UTF-8

Este script solo puede ejecutarse por línea de comandos.Status: 403 Forbidden
Content-type: text/html; charset=UTF-8

Este script solo puede ejecutarse por línea de comandos.Status: 403 Forbidden
Content-type: text/html; charset=UTF-8

Este script solo puede ejecutarse por línea de comandos.Status: 403 Forbidden
Content-type: text/html; charset=UTF-8

Este script solo puede ejecutarse por línea de comandos.Status: 403 Forbidden
Content-type: text/html; charset=UTF-8

Este script solo puede ejecutarse por línea de comandos.Status: 403 Forbidden
Content-type: text/html; charset=UTF-8

Este script solo puede ejecutarse por línea de comandos.Status: 403 Forbidden
Content-type: text/html; charset=UTF-8

Este script solo puede ejecutarse por línea de comandos.Status: 403 Forbidden
Content-type: text/html; charset=UTF-8

Este script solo puede ejecutarse por línea de comandos.Status: 403 Forbidden
Content-type: text/html; charset=UTF-8

Este script solo puede ejecutarse por línea de comandos.Status: 403 Forbidden
Content-type: text/html; charset=UTF-8

Este script solo puede ejecutarse por línea de comandos.Status: 403 Forbidden
Content-type: text/html; charset=UTF-8

Este script solo puede ejecutarse por línea de comandos.Status: 403 Forbidden
Content-type: text/html; charset=UTF-8

Este script solo puede ejecutarse por línea de comandos.Status: 403 Forbidden
Content-type: text/html; charset=UTF-8

Este script solo puede ejecutarse por línea de comandos.Status: 403 Forbidden
Content-type: text/html; charset=UTF-8

Este script solo puede ejecutarse por línea de comandos.Status: 403 Forbidden
Content-type: text/html; charset=UTF-8

Este script solo puede ejecutarse por línea de comandos.Status: 403 Forbidden
Content-type: text/html; charset=UTF-8

Este script solo puede ejecutarse por línea de comandos.Status: 403 Forbidden
Content-type: text/html; charset=UTF-8

Este script solo puede ejecutarse por línea de comandos.Status: 403 Forbidden
Content-type: text/html; charset=UTF-8

Este script solo puede ejecutarse por línea de comandos.Status: 403 Forbidden
Content-type: text/html; charset=UTF-8

Este script solo puede ejecutarse por línea de comandos.Status: 403 Forbidden
Content-type: text/html; charset=UTF-8

Este script solo puede ejecutarse por línea de comandos.Status: 403 Forbidden
Content-type: text/html; charset=UTF-8

Este script solo puede ejecutarse por línea de comandos.Status: 403 Forbidden
Content-type: text/html; charset=UTF-8

Este script solo puede ejecutarse por línea de comandos.Status: 403 Forbidden
Content-type: text/html; charset=UTF-8

Este script solo puede ejecutarse por línea de comandos.Status: 403 Forbidden
Content-type: text/html; charset=UTF-8

Este script solo puede ejecutarse por línea de comandos.Status: 403 Forbidden
Content-type: text/html; charset=UTF-8

Este script solo puede ejecutarse por línea de comandos.Status: 403 Forbidden
Content-type: text/html; charset=UTF-8

Este script solo puede ejecutarse por línea de comandos.Status: 403 Forbidden
Content-type: text/html; charset=UTF-8

Este script solo puede ejecutarse por línea de comandos.Status: 403 Forbidden
Content-type: text/html; charset=UTF-8

Este script solo puede ejecutarse por línea de comandos.Status: 403 Forbidden
Content-type: text/html; charset=UTF-8

Este script solo puede ejecutarse por línea de comandos.Status: 403 Forbidden
Content-type: text/html; charset=UTF-8

Este script solo puede ejecutarse por línea de comandos.Status: 403 Forbidden
Content-type: text/html; charset=UTF-8

Este script solo puede ejecutarse por línea de comandos.Status: 403 Forbidden
Content-type: text/html; charset=UTF-8

Este script solo puede ejecutarse por línea de comandos.Status: 403 Forbidden
Content-type: text/html; charset=UTF-8

Este script solo puede ejecutarse por línea de comandos.Content-type: text/html; charset=UTF-8

[19:00:03] ==============================================
[19:00:03] INICIO RUN_PROVISIONING
[19:00:03] ==============================================
[19:00:03] Paso 1: Cargando autoload...
[19:00:03] ✔ Autoload OK
[19:00:03] Paso 2: Cargando config.php...
[19:00:03] ✔ config.php OK
[19:00:03] Paso 3: Cargando .env...
[19:00:03] ✔ .env OK
[19:00:03] ----------------------------------------------
[19:00:03] CONFIGURACIÓN
[19:00:03] CPANEL_HOST: losinmortales.chiledao.cl
[19:00:03] CPANEL_USER: chiledao
[19:00:03] CPANEL_DOMAIN: chiledao.cl
[19:00:03] WEBMAIL_URL: https://webmail.chiledao.cl
[19:00:03] CPANEL_QUOTA_MB: 250
[19:00:03] CPANEL_TOKEN cargado: NO
[19:00:03] SMTP_HOST cargado: NO
[19:00:03] SMTP_USER cargado: NO
[19:00:03] SMTP_PASSWORD cargado: NO
[19:00:03] ----------------------------------------------
[19:00:03] Paso 4: Creando Logger...
[19:00:03] ✔ Logger OK
[19:00:03] Paso 5: Creando Repository...
[19:00:03] ✔ Repository OK
[19:00:03] Paso 6: Creando CPanelClient...
[19:00:03] ✔ CPanelClient OK
[19:00:03] Paso 7: Creando MailSender...
[19:00:03] ✔ MailSender OK
[19:00:03] Paso 8: Construyendo EmailProvisioner...
[19:00:03] ✔ EmailProvisioner OK
[19:00:03] ----------------------------------------------
[19:00:03] Paso 9: Buscando expedientes pendientes...
[19:00:03] Cantidad encontrada: 0
[19:00:03] No existen expedientes pendientes.
[19:00:03] FIN
[19:00:03] ========== SHUTDOWN ==========
[19:00:03] Tipo: 8
[19:00:03] Mensaje: Undefined index: REMOTE_ADDR
[19:00:03] Archivo: /usr/local/bin/env.php
[19:00:03] Línea: 6
